<aside class="alert alert--note"><p class="alert-heading"><span class="alert-icon alert--note"></span>Note</p><p>Useful information that users should know, even when skimming content.</p>
</aside>
<aside class="alert alert--tip"><p class="alert-heading"><span class="alert-icon alert--tip"></span>Tip</p><p>Helpful advice for doing things better or more easily.</p>
</aside>
<aside class="alert alert--important"><p class="alert-heading"><span class="alert-icon alert--important"></span>Important</p><p>Key information users need to know to achieve their goal.</p>
</aside>
<aside class="alert alert--warning"><p class="alert-heading"><span class="alert-icon alert--warning"></span>Warning</p><p>Urgent info that needs immediate user attention to avoid problems.</p>
</aside>
<aside class="alert alert--caution"><p class="alert-heading"><span class="alert-icon alert--caution"></span>Caution</p><p>Advises about risks or negative outcomes of certain actions.</p>
</aside>