<p>Lorem ipsum dolor sit amet, consectetur adipiscing elit.
Nullam vitae interdum turpis, ut pharetra est.
Pellentesque imperdiet neque eget tortor blandit, vitae tempor velit aliquet.</p>
<aside class="alert alert--note"><p class="alert-heading"><span class="alert-icon alert--note"></span>Important note</p><p>Etiam interdum, lorem in pulvinar commodo, neque lectus vulputate ligula, a elementum tellus diam id nibh.
Integer massa dui, ultricies id dolor convallis, mattis sodales dui.</p>
</aside>
<aside class="alert alert--tip"><p class="alert-heading"><span class="alert-icon alert--tip"></span>Tip</p><p>In pretium gravida nunc in consequat.</p>
</aside>
<aside class="alert alert--example"><p class="alert-heading"><span class="alert-icon alert--example"></span>Example</p><p>Curabitur ut porta nunc.</p>
</aside>
<aside class="alert alert--thanks"><p class="alert-heading"><span class="alert-icon alert--thanks"></span>Thanks</p><p>Proin eros neque, facilisis a bibendum vitae, viverra facilisis ex.</p>
</aside>