<p>Lorem ipsum dolor sit amet, consectetur adipiscing elit.
Nullam vitae interdum turpis, ut pharetra est.
Pellentesque imperdiet neque eget tortor blandit, vitae tempor velit aliquet.</p>
<blockquote>
<p>[!NOTE] Important note
Etiam interdum, lorem in pulvinar commodo, neque lectus vulputate ligula, a elementum tellus diam id nibh.
Integer massa dui, ultricies id dolor convallis, mattis sodales dui.</p>
</blockquote>
<aside class="alert alert--tip"><p class="alert-heading"><span class="alert-icon alert--tip"></span>Tip</p><p>In pretium gravida nunc in consequat.</p>
</aside>
<blockquote>
<p>[!EXAMPLE]
Curabitur ut porta nunc.</p>
</blockquote>
<blockquote>
<p>[!THANKS]
Proin eros neque, facilisis a bibendum vitae, viverra facilisis ex.</p>
</blockquote>